> no entries

> ok

> a [1 2 3]

> ok

> b [4 5 6 7 8 9]
a [1 2 3]

> ok

> c [10]
b [4 5 6 7 8 9]
a [1 2 3]

> ok

> fibonacci [1 1 2 3 5 8 13 21 34 55 89 144]
c [10]
b [4 5 6 7 8 9]
a [1 2 3]

> ok

> catalan [1 2 5 14 42 132 429 1430 4862 16796]
fibonacci [1 1 2 3 5 8 13 21 34 55 89 144]
c [10]
b [4 5 6 7 8 9]
a [1 2 3]

> catalan
fibonacci
c
b
a

> no snapshots

> ok

> catalan
fibonacci
b
a

> no snapshots

> catalan [1 2 5 14 42 132 429 1430 4862 16796]
fibonacci [1 1 2 3 5 8 13 21 34 55 89 144]
b [4 5 6 7 8 9]
a [1 2 3]

> ok

> catalan [1 2 5 14 42 132 429 1430 4862 16796]
fibonacci [1 1 2 3 5 8 13 21 34 55 89 144]
b [4 5 6 7 8 9]
a [1 2 3]

> ok

> catalan [1 2 5 14 42 132 429 1430 4862 16796]
fibonacci [1 1 2 3 5 8 13 21 34 55 89 144]
b [4 5 6 7 8 9]

> bye
