> no such key

> no such key

> no such key

> no such key

> no keys

> no entries

> ok

> fibonacci

> fibonacci [1 1 2 3 5 8 13 21 34 55 89 144]

> ok

> fibonacci [1 1 2 3 5 8 13 21 34 55 89 144 233 377 610]

> bye