> no such key

> no such key

> no such key

> ok

> ok

> [1 2 3 4]

> [6 7 8 9]

> ok

> []

> ok

> no such key

> bye